// Jest Snapshot v1, https://goo.gl/fbAQLP

exports[`UserForm component Renders on screen 1`] = `
<div>
  <form
    action=""
    id="userForm"
    method="POST"
  >
    <label
      for="username"
    >
      Username:
      <input
        id="username"
        minlength="3"
        name="username"
        type="text"
        value=""
      />
    </label>
    <label
      for="password"
    >
      Password:
      <input
        id="password"
        minlength="5"
        name="password"
        type="password"
        value=""
      />
    </label>
    <button
      type="submit"
    >
      Submit
    </button>
  </form>
</div>
`;
